[backblue.gif]
[fade.gif]
[index.html]
[jiligames.com/img/plusplayerV2/logo_jili_us-en.png]
[jiligames.com/img/plusplayerV2/01.png]
[jiligames.com/css/plusplayerV2/_setup.scss]
[cdnjs.cloudflare.com/ajax/libs/sweetalert/1.1.3/sweetalert.min.css]
[cdnjs.cloudflare.com/ajax/libs/sweetalert/1.1.3/sweetalert.min.js]
[jiligames.com/AdminLTE/bower_components/jquery/dist/jquery.min.js]
[jiligames.com/AdminLTE/bower_components/bootstrap/dist/js/bootstrap.min.js]
[jiligames.com/AdminLTE/dist/js/adminlte.min.js]
[jiligames.com/AdminLTE/plugins/iCheck/icheck.min.js]
[jiligames.com/js/common.js]
[jiligames.com/AdminLTE/bower_components/moment/min/moment.min.js]
[jiligames.com/AdminLTE/bower_components/bootstrap-daterangepicker/daterangepicker.js]
[jiligames.com/js/slick.min.js]
[jiligames.com/js/TweenMax.min.js]
[jiligames.com/js/jquery.scrollmagic.js]
[jiligames.com/js/jquery.scrollmagic.debug.js]
[jiligames.com/js/jszip.js]
[jiligames.com/js/xlsx.js]
[jiligames.com/AdminLTE/plugins/jQueryUI/jquery-ui.js]
[cdn.ckeditor.com/4.21.0/full/ckeditor.js]
[jiligames.com/js/sweetalert2/sweetalert2.all.min.js]
[jiligames.com/js/SimpleTableCellEditor.js]
[jiligames.com/js/Jframework.js]
[jiligames.com/js/plusPlayerV2.js]
[jiligames.com/js/jquery-1.8.3.min.js]
[jiligames.com/js/main.js]
[jiligames.com/js/plusV2common.js]
[jiligames.com/img/plusplayer/dragon_icon.png]
[jiligames.com/img/plusplayer/game_icon_ols_en-US.png]
[jiligames.com/img/plusplayer/shanhaibeauty_icon.png]
[jiligames.com/img/plusplayer/fish_icon.png]
[jiligames.com/img/plusplayer/bull_icon.png]
[jiligames.com/img/plusplayer/img_jili_images2.jpg]
[jiligames.com/img/plusplayerV2/flag_ENG.png]
[jiligames.com/img/plusplayerV2/flag_TH.png]
[jiligames.com/img/plusplayerV2/flag_IDN.png]
[jiligames.com/img/plusplayerV2/flag_VN.png]
[jiligames.com/img/plusplayerV2/flag_JP.png]
[jiligames.com/img/plusplayerV2/flag_KR.png]
[jiligames.com/img/plusplayerV2/flag_MM.png]
[jiligames.com/img/plusplayerV2/flag_INR.png]
[jiligames.com/img/plusplayerV2/flag_ES.png]
[jiligames.com/img/plusplayerV2/flag_PT.png]
[jiligames.com/img/plusplayerV2/flag_CN.png]
[jiligames.com/img/plusplayer/img04_en.jpg]
[jiligames.com/img/plusplayerV2/img03_en.jpg]
[jiligames.com/img/plusplayerV2/img00_en.jpg]
[jiligames.com/img/plusplayerV2/OurGames.mp4]
[jiligames.com/img/games/tgj1hn8px0A529tw5OXW3K9baqxNnmInW0fawbxv.png]
[jiligames.com/img/games/v8iErJBJFBFhzzKIEMigEgzur2Rig7k8Z14ljBu8.png]
[jiligames.com/img/games/QnKAKghN7vn8bd9BDBTQ0xXZoWnUG5hreM81Bwhx.png]
[jiligames.com/img/games/E4y41LN3d71thtI1nakxbsdawgE1j9VTQr1XnQPb.png]
[jiligames.com/img/plusplayerV2/excl-task.png]
[jiligames.com/img/plusplayerV2/excl-props.png]
[jiligames.com/img/plusplayerV2/excl-event.png]
[jiligames.com/img/plusplayerV2/excl-return.png]
[jiligames.com/img/plusplayerV2/excl-signIn.png]
[jiligames.com/img/plusplayerV2/excl-gift.png]
[jiligames.com/img/plusplayerV2/AboutUs-banner.jpg]
[jiligames.com/player.html]
[jiligames.com/css/plusplayer/slick.css]
[jiligames.com/css/plusplayer/fonts/slick.eot]
[jiligames.com/css/plusplayer/fonts/slickd41d.eot]
[jiligames.com/css/plusplayer/fonts/slick.woff]
[jiligames.com/css/plusplayer/fonts/slick.ttf]
[jiligames.com/css/plusplayer/slick-theme.css]
[jiligames.com/css/plusplayerV2/animate.min.css]
[jiligames.com/css/fonts/Pyidaungsu.woff]
[jiligames.com/css/fonts/mmrtext.ttf]
[jiligames.com/css/fonts/ZawgyiOne.woff]
[jiligames.com/css/fonts/BebasNeue-Regular.woff]
[jiligames.com/css/fonts/BebasNeue-Regular.otf]
[jiligames.com/css/plusplayerV2/master.css]
[jiligames.com/img/plusplayerV2/OurGames.jpg]
[jiligames.com/img/plusplayerV2/OurGames-portrait.jpg]
[jiligames.com/img/plusplayerV2/FishingGames.jpg]
[jiligames.com/img/plusplayerV2/fishingGame-portrait.jpg]
[jiligames.com/img/plusplayerV2/CRM.jpg]
[jiligames.com/img/plusplayerV2/icon_all.png]
[jiligames.com/img/plusplayerV2/icon_new.png]
[jiligames.com/img/plusplayerV2/icon_hot.png]
[jiligames.com/img/plusplayerV2/icon_fish.png]
[jiligames.com/img/plusplayerV2/icon_slot.png]
[jiligames.com/img/plusplayerV2/icon_poker.png]
[jiligames.com/css/plusplayerV2/style.css]
[cdnjs.cloudflare.com/ajax/libs/sweetalert/1.1.3/sweetalert.min.css]
[jiligames.com/js/pluscommon.js]
[jiligames.com/plusplayer/entranceplus.html]
[jiligames.com/img/games/236_en.png]
[jiligames.com/img/games/235_en.png]
[jiligames.com/img/games/233_en.png]
[jiligames.com/img/games/232_en.png]
[jiligames.com/img/games/229_en.png]
[jiligames.com/img/games/ZAEMENa3CdQQraT1jXs1I5WLv8xa4VG66fUjtZSx.png]
[jiligames.com/img/games/136_en.png]
[jiligames.com/img/games/146_en.png]
[jiligames.com/img/games/142_en.png]
[jiligames.com/img/games/YSWOf4ciLuQ6gOJXpaLaQNofMXvggbZcC4oyVPIW.png]
[jiligames.com/img/games/FEc3Ol7k2yel5p1gQDGiws6yfF8s47XSUZfQOHTZ.png]
[jiligames.com/img/games/GlxsAv0nVNz3DtZlqIN6i8HLVGUtaEpJCkGA0Aaj.png]
[jiligames.com/img/games/87_en.png]
[jiligames.com/img/games/QrMRYsEdb7ImSGGNvKrNUqGmWa6QoaS4uD5Vtvwk.png]
[jiligames.com/img/games/149_en.png]
[jiligames.com/img/games/178_en.png]
[jiligames.com/img/games/179_en.png]
[jiligames.com/img/games/WKPXPRNMECIpaSNDUbjOGkZzssdotnexMnzpoaJL.png]
[jiligames.com/img/games/B6bl9vgPFAYKZmIILEdtUccOyE0uCRZPhsRe9gZt.png]
[jiligames.com/img/games/dnLqhhQvBdCbvejrOQQtAHuyN90yYSSThHNLbVce.png]
[jiligames.com/img/games/CJjgJSeVxnOvAwI8hzTBm8VhzCGvE25LEEnazsv0.png]
[jiligames.com/img/games/WekmwkpiS8Tr261VB9aOn28PSsdlqApBHU7gKByy.png]
[jiligames.com/img/games/LyzKwidDM9KaW2UzG6mKPHzK0kf9RYI6tt8X5qfN.png]
[jiligames.com/img/games/pswRAV2CeileioWzob1tFVG7gTlzZWf0KUoNFtbC.png]
[jiligames.com/img/games/SHJMCBIk2kkgOKnBEK8VuOICuesPq5r74JPgky21.png]
[jiligames.com/img/games/197_en.png]
[jiligames.com/img/games/BNXvs9yCUWdTNBTlNF3ryTQozgKua32niQsJQwlU.png]
[jiligames.com/img/games/4KJKvMGhUqRjx3TCL2PKGvUNqivBTCZ19VNVmg1n.png]
[jiligames.com/img/games/iSpxffI53zCUoRTxhx9MEAYA0CdxSrdOIQkbnsU9.png]
[jiligames.com/img/games/4CJPoVsAbdadHQzAi3ZUMKTQ80Mfll3XKYjZY4ul.png]
[jiligames.com/img/games/zVxMlPOf7mOWwlsfRQQKNYWJcU7TTKSX545Tw9eB.png]
[jiligames.com/img/games/174_en.png]
[jiligames.com/img/games/EyS4Emff13B4ZZH09Kv8gZosOx5iT8MDHrPJZnuj.png]
[jiligames.com/img/games/LjeFOoGy9xpnvQMS71DyDKChpyOu2u2HkP0aA1Rb.png]
[jiligames.com/img/games/qpo5D4EJD3FCe4MmcTsDHhUIlgU2a2pe9739GfgV.png]
[jiligames.com/img/games/199_en.png]
[jiligames.com/img/games/PTDCKApUnC8Ld3duD0h8V0McrJ7IxvM4dNnHkZS7.png]
[jiligames.com/img/games/YhsF0jmPjZUq2JEymmffCsZDCDl5WtXIjdY9OYeB.png]
[jiligames.com/img/games/OoMg71BF4vvTCkPSliQTYwr704zOs6QLqHzlNPSc.png]
[jiligames.com/img/games/tAGg2jWJuoQLwVzOhUpaPInHzLNdC25lNu11NDSH.png]
[jiligames.com/img/games/5UdiCFJUfikigL7KNC28nlfG12ZlISruzSVs5j2y.png]
[jiligames.com/img/games/qNDU1xSmKiooL9dmt5sT5pJis1gERiSRycPaH8uj.png]
[jiligames.com/img/games/wdJ8G43sPNWt5CUFcEahjCEgiBL3ZwODlbYvgW43.png]
[jiligames.com/img/games/luQqAu7cd25ihPioVsjyNUnn56x2AxvnTW82SZoY.png]
[jiligames.com/img/games/163_en.png]
[jiligames.com/img/games/150_en.png]
[jiligames.com/img/games/WvNbVLxtzyasYYYF2BHZIA97pHT8ZOU6T9Vz0TFW.png]
[jiligames.com/img/games/cV02GiGVfMopLRZuFVnfEpWCHRRLYoktixkjIfND.png]
[jiligames.com/img/games/MrKBlKo6cAsk5RZn43PlohNSVxUvkYx5u50giUTI.png]
[jiligames.com/img/games/8tAoHFhilO4g2ZRrq8ueqceCwOwlF7bxTblqt6MD.png]
[jiligames.com/img/games/aayCHukL6YyT7wxYfD4UoT3PyPag1AVspUyIXiZX.png]
[jiligames.com/img/games/P5MP2iXUOueNIjvo2yMHG0oHdrscQ8LCgl5pxYas.png]
[jiligames.com/img/games/cPwUrKmPO9oXwalxA5kNNR5SF71PGzL7ZwRT5jcU.png]
[jiligames.com/img/games/dd3DbLTEOzjngEaB6g3pI3IV3UAQTuG8uCuajgQC.png]
[jiligames.com/img/games/PXKEbZQHLGg6t396j8MN0JlxxNY284nDy2i7dcCG.png]
[jiligames.com/img/games/itk4uUwlMNQS6lKRrMUEgcSfuCI0kuAQ13HBMx57.png]
[jiligames.com/img/games/ZNg19SBU2rC4YcHEXscGAzu8m0IiByFI9rirjN7J.png]
[jiligames.com/img/games/ZOfSypdZ63b1vjGvcBEcJgopJdZkHsv5lIPXEL2z.png]
[jiligames.com/img/games/z2wTy3Tnkb6FdOh6o2wvmLxd8fVmKMZcg8ti0Opt.png]
[jiligames.com/img/games/1pSzoviZVus7i6aDFlo6sQ36QLz3cyHmlY2zTn9I.png]
[jiligames.com/img/games/cP4jDI2aHW5hPHADaST0RoPW1aroQyzUfMPPf6G0.png]
[jiligames.com/img/games/BHCsjfIJHQklDAw9q7wDqQCYG7wywGYM1SxwPPxJ.png]
[jiligames.com/img/games/1H8ijyGgaRamYpLVgcB1NErVc02j2fXzJoqRhY7l.png]
[jiligames.com/img/games/BOJ4IEXXwKmkXDWMRWeHG5TR1B3QbUE6DgGIQ80X.png]
[jiligames.com/img/games/MBW5mtdnEF65xip92mGxz7ScpAnpEInktAEVvJ49.png]
[jiligames.com/img/games/9sEDXykSrXR3pBnx1P5SwiFSmXd3D15yUB0V8nW8.png]
[jiligames.com/img/games/A1CPgfQ5jYBGkpHGWzbKOiUAGMSGHCus8H30bOsx.png]
[jiligames.com/img/games/pa0iSTUboOEQfgbo62pmy4dDM2xLsBYvqvUiNeUV.png]
[jiligames.com/img/games/e6tN2AY3YRfSLi94WXIBp2tIon55bDoRPBuBw4PE.png]
[jiligames.com/img/games/53eTXuajPeGjQQj71G2mBHrpk0Wwz4Cb8kbK59E0.png]
[jiligames.com/img/games/dKffeugz5egmm7WcbF9DjFm0Xmvcf1Cf1oT4jDJQ.png]
[jiligames.com/img/games/gNOok6EXpRxL1u721BReycCzNv2ESi5wtKa9tmK5.png]
[jiligames.com/img/games/wlKkrxCK5rYVyYn6yhoMZRbU9S6UA7uxoBRfU3UA.png]
[jiligames.com/img/games/UnKk91SrkzIGcw32dPv2sdP3O8UY4RLSszL6bQih.png]
[jiligames.com/img/games/wD2JargnnAgofLLNDUCO0FTg4PA061yJa0PG0ZZc.png]
[jiligames.com/img/games/c4TKzLmEI3GM1fq3er1srqbeuaBdXe930HZv0ytE.png]
[jiligames.com/img/games/Ggu9ncz2W3oSwHN1Jg79BrJgMpeTAoloSqKppAzB.png]
[jiligames.com/img/games/OjGywFE5l6SsZT8JMr1Uzdti0FTYQ3oFCn5Z56Ie.png]
[jiligames.com/img/games/sdOWvClz6akvEO5lmkowJ0DqQStJ9SUPm2PY9rc6.png]
[jiligames.com/img/games/fz5023c0gyF3VRWcIMUCDwOHSZ96ES1ApeOcPDqy.png]
[jiligames.com/img/games/mQin1TgPrpCV87EycbR3Ni1iN8aQuHB2iMkJVppb.png]
[jiligames.com/img/games/0qhswNp05KpIgW0xl25wfqHH7S5n9dipGkmT32pk.png]
[jiligames.com/img/games/6elEP9CYMlGGgsedWKYEKX1W5oCmOEnfNTx09pth.png]
[jiligames.com/img/games/aFYBf4FuUY2haRcPLUsOWjFT2JcO604sGsBCgU0J.png]
[jiligames.com/img/games/CHP6I7BchOH9j7pgK77ZDsdRrqEmP1Sv6XDOCCre.png]
[jiligames.com/img/games/rmEicpxhJtrtRBzVcUjet2f1TSqE4rX5ig3z8RI5.png]
[jiligames.com/img/games/qWm58LgP2FRApkg9oki7RD0X1bMC8DEUwkhp2cyk.png]
[jiligames.com/img/games/0kL9ZamnrdKemPYBbaDaLDSWSRqPntQiJaBalIkO.png]
[jiligames.com/img/games/W8f5HJmIUYyTEK9VGd8Snie5BIaZ2btKiWerC9IQ.png]
[jiligames.com/img/games/wBg4OWUKpeejQZH1DVhjhU5LZOhS76KGCSQcrT7u.png]
[jiligames.com/img/games/K8gSEdkSRwIrXGhqA8zRRnDJQZ6v8Cp60LvtiMFB.png]
[jiligames.com/img/games/uUSdVuZeozB1SyYO0WKilQTjqeZgwpX26PFB69OI.png]
[jiligames.com/img/games/tSEzHsO0wYUl5PdIknKH9KKlKLNJQPtIhvRZmoHX.png]
[jiligames.com/plusplayer/games7e9a.html]
[jiligames.com/games7e9a.html]
[jiligames.com/plusplayer/games304e.html]
[jiligames.com/plusplayer/PlusIntro/49.html]
[jiligames.com/plusplayer/PlusIntro/103.html]
[jiligames.com/plusplayer/PlusIntro/32.html]
[jiligames.com/plusplayer/PlusIntro/42.html]
[jiligames.com/img/plusplayerV2/safe.svg]
[jiligames.com/img/plusplayerV2/management.svg]
[jiligames.com/img/plusplayerV2/clock.svg]
[jiligames.com/img/plusplayerV2/data.svg]
[jiligames.com/img/plusplayerV2/multilingual.svg]
[jiligames.com/img/plusplayerV2/contact-mail.svg]
[jiligames.com/img/plusplayerV2/contact-telegram.svg]
[jiligames.com/css/plusplayer/ajax-loader.html]
[jiligames.com/css/plusplayer/fonts/slick.svg]
[jiligames.com/css/plusplayerV2/reset.css]
[jiligames.com/fonts/fontawesome-webfont3295.woff2]
[jiligames.com/fonts/fontawesome-webfont3295.woff]
[jiligames.com/fonts/fontawesome-webfont3295.ttf]
[jiligames.com/css/font-awesome.min.css]
[jiligames.com/img/plusplayerV2/world.svg]
[jiligames.com/img/plusplayerV2/hamburger.svg]
[jiligames.com/img/plusplayerV2/hamburger_close.svg]
[jiligames.com/img/plusplayerV2/arrow.svg]
[jiligames.com/css/images/OurGames.html]
[jiligames.com/img/plusplayerV2/btn_thumb-mode02.svg]
[jiligames.com/img/plusplayerV2/btn_thumb-mode01.svg]
[jiligames.com/img/plusplayerV2/iconset.svg]
[jiligames.com/img/plusplayerV2/close.svg]
[jiligames.com/img/plusplayerV2/arrow_up.svg]
[jiligames.com/css/plusplayerV2/games.css]
[jiligames.com/plusplayer/PlusIntro/236.html]
[jiligames.com/plusplayer/PlusIntro/235.html]
[jiligames.com/plusplayer/PlusIntro/233.html]
[jiligames.com/plusplayer/PlusIntro/232.html]
[jiligames.com/plusplayer/PlusIntro/229.html]
[jiligames.com/plusplayer/PlusIntro/224.html]
[jiligames.com/plusplayer/PlusIntro/136.html]
[jiligames.com/plusplayer/PlusIntro/146.html]
[jiligames.com/plusplayer/PlusIntro/142.html]
[jiligames.com/plusplayer/PlusIntro/153.html]
[jiligames.com/plusplayer/PlusIntro/126.html]
[jiligames.com/plusplayer/PlusIntro/101.html]
[jiligames.com/plusplayer/PlusIntro/87.html]
[jiligames.com/plusplayer/PlusIntro/116.html]
[jiligames.com/plusplayer/PlusIntro/149.html]
[jiligames.com/plusplayer/PlusIntro/178.html]
[jiligames.com/plusplayer/PlusIntro/179.html]
[jiligames.com/plusplayer/PlusIntro/130.html]
[jiligames.com/plusplayer/PlusIntro/109.html]
[jiligames.com/plusplayer/PlusIntro/51.html]
[jiligames.com/plusplayer/PlusIntro/77.html]
[jiligames.com/plusplayer/PlusIntro/35.html]
[jiligames.com/plusplayer/PlusIntro/74.html]
[jiligames.com/plusplayer/PlusIntro/110.html]
[jiligames.com/plusplayer/PlusIntro/134.html]
[jiligames.com/plusplayer/PlusIntro/197.html]
[jiligames.com/plusplayer/PlusIntro/102.html]
[jiligames.com/plusplayer/PlusIntro/82.html]
[jiligames.com/plusplayer/PlusIntro/47.html]
[jiligames.com/plusplayer/PlusIntro/92.html]
[jiligames.com/plusplayer/PlusIntro/20.html]
[jiligames.com/plusplayer/PlusIntro/174.html]
[jiligames.com/plusplayer/PlusIntro/85.html]
[jiligames.com/plusplayer/PlusIntro/1.html]
[jiligames.com/plusplayer/PlusIntro/119.html]
[jiligames.com/plusplayer/PlusIntro/199.html]
[jiligames.com/plusplayer/PlusIntro/71.html]
[jiligames.com/plusplayer/PlusIntro/122.html]
[jiligames.com/plusplayer/PlusIntro/38.html]
[jiligames.com/plusplayer/PlusIntro/124.html]
[jiligames.com/plusplayer/PlusIntro/137.html]
[jiligames.com/plusplayer/PlusIntro/144.html]
[jiligames.com/plusplayer/PlusIntro/151.html]
[jiligames.com/plusplayer/PlusIntro/45.html]
[jiligames.com/plusplayer/PlusIntro/163.html]
[jiligames.com/plusplayer/PlusIntro/150.html]
[jiligames.com/plusplayer/PlusIntro/161.html]
[jiligames.com/plusplayer/PlusIntro/160.html]
[jiligames.com/plusplayer/PlusIntro/159.html]
[jiligames.com/plusplayer/PlusIntro/152.html]
[jiligames.com/plusplayer/PlusIntro/148.html]
[jiligames.com/plusplayer/PlusIntro/139.html]
[jiligames.com/plusplayer/PlusIntro/127.html]
[jiligames.com/plusplayer/PlusIntro/125.html]
[jiligames.com/plusplayer/PlusIntro/115.html]
[jiligames.com/plusplayer/PlusIntro/106.html]
[jiligames.com/plusplayer/PlusIntro/108.html]
[jiligames.com/plusplayer/PlusIntro/76.html]
[jiligames.com/plusplayer/PlusIntro/100.html]
[jiligames.com/plusplayer/PlusIntro/91.html]
[jiligames.com/plusplayer/PlusIntro/111.html]
[jiligames.com/plusplayer/PlusIntro/78.html]
[jiligames.com/plusplayer/PlusIntro/46.html]
[jiligames.com/plusplayer/PlusIntro/113.html]
[jiligames.com/plusplayer/PlusIntro/118.html]
[jiligames.com/plusplayer/PlusIntro/2.html]
[jiligames.com/plusplayer/PlusIntro/17.html]
[jiligames.com/plusplayer/PlusIntro/16.html]
[jiligames.com/plusplayer/PlusIntro/48.html]
[jiligames.com/plusplayer/PlusIntro/58.html]
[jiligames.com/plusplayer/PlusIntro/10.html]
[jiligames.com/plusplayer/PlusIntro/67.html]
[jiligames.com/plusplayer/PlusIntro/69.html]
[jiligames.com/plusplayer/PlusIntro/21.html]
[jiligames.com/plusplayer/PlusIntro/43.html]
[jiligames.com/plusplayer/PlusIntro/36.html]
[jiligames.com/plusplayer/PlusIntro/40.html]
[jiligames.com/plusplayer/PlusIntro/27.html]
[jiligames.com/plusplayer/PlusIntro/4.html]
[jiligames.com/plusplayer/PlusIntro/13.html]
[jiligames.com/plusplayer/PlusIntro/72.html]
[jiligames.com/plusplayer/PlusIntro/14.html]
[jiligames.com/plusplayer/PlusIntro/94.html]
[jiligames.com/plusplayer/PlusIntro/18.html]
[jiligames.com/plusplayer/PlusIntro/79.html]
[jiligames.com/plusplayer/PlusIntro/9.html]
[jiligames.com/plusplayer/PlusIntro/75.html]
[jiligames.com/plusplayer/PlusIntro/6.html]
[jiligames.com/plusplayer/PlusIntro/23.html]
[jiligames.com/plusplayer/PlusIntro/33.html]
[jiligames.com/plusplayer/PlusIntro/30.html]
[jiligames.com/plusplayer/PlusIntro/37.html]
[jiligames.com/plusplayer/PlusIntro/60.html]
[jiligames.com/img/games/222_en.html]
[jiligames.com/plusplayer/PlusIntro/222.html]
[jiligames.com/plusplayer/games.html]
[jiligames.com/fonts/fontawesome-webfont3295.html]
[jiligames.com/fonts/fontawesome-webfontd41d.html]
[jiligames.com/fonts/fontawesome-webfont3295-2.html]
[jiligames.com/plusplayer/PlusIntro/games7e9a.html]
